9/3/2026 9:20:22 AM	This log contains information about the import schema operation into project 'GeniusOneDatabase' on computer 'PHOENIX-01' by user 'mbrown'.
9/3/2026 9:20:23 AM	Import of database schema has started.
9/3/2026 9:20:34 AM	Gathering database credentials
9/3/2026 9:20:34 AM	Gathering database options
9/3/2026 9:20:34 AM	Gathering generic database scoped configuration option
9/3/2026 9:20:34 AM	Gathering users
9/3/2026 9:20:34 AM	Gathering roles
9/3/2026 9:20:34 AM	Gathering application roles
9/3/2026 9:20:34 AM	Gathering role memberships
9/3/2026 9:20:34 AM	Gathering filegroups
9/3/2026 9:20:34 AM	Gathering full-text catalogs
9/3/2026 9:20:34 AM	Gathering assemblies
9/3/2026 9:20:34 AM	Gathering certificates
9/3/2026 9:20:34 AM	Gathering asymmetric keys
9/3/2026 9:20:34 AM	Gathering symmetric keys
9/3/2026 9:20:34 AM	Gathering encrypted symmetric keys
9/3/2026 9:20:34 AM	Gathering schemas
9/3/2026 9:20:34 AM	Gathering XML schema collections
9/3/2026 9:20:34 AM	Gathering user-defined data types
9/3/2026 9:20:34 AM	Gathering user-defined types
9/3/2026 9:20:34 AM	Gathering table types
9/3/2026 9:20:34 AM	Gathering unique keys for table types
9/3/2026 9:20:34 AM	Gathering primary keys for table types
9/3/2026 9:20:34 AM	Gathering indexes for table types
9/3/2026 9:20:35 AM	Gathering check constraints for table types
9/3/2026 9:20:35 AM	Gathering default constraints for table types
9/3/2026 9:20:35 AM	Gathering partition functions
9/3/2026 9:20:35 AM	Gathering partition schemes
9/3/2026 9:20:35 AM	Gathering functions
9/3/2026 9:20:35 AM	Gathering encrypted functions
9/3/2026 9:20:35 AM	Gathering aggregates
9/3/2026 9:20:35 AM	Gathering procedures
9/3/2026 9:20:35 AM	Gathering encrypted procedures
9/3/2026 9:20:35 AM	Gathering tables
9/3/2026 9:20:35 AM	Gathering primary keys
9/3/2026 9:20:35 AM	Gathering unique constraints
9/3/2026 9:20:35 AM	Gathering foreign keys
9/3/2026 9:20:35 AM	Gathering default constraints
9/3/2026 9:20:35 AM	Gathering check constraints
9/3/2026 9:20:35 AM	Gathering views
9/3/2026 9:20:35 AM	Gathering encrypted views
9/3/2026 9:20:35 AM	Gathering indexes
9/3/2026 9:20:35 AM	Gathering statistics
9/3/2026 9:20:35 AM	Gathering full-text index stoplists
9/3/2026 9:20:35 AM	Gathering search property lists
9/3/2026 9:20:35 AM	Gathering search properties
9/3/2026 9:20:35 AM	Gathering full-text indexes
9/3/2026 9:20:35 AM	Gathering column store indexes
9/3/2026 9:20:35 AM	Gathering spatial indexes
9/3/2026 9:20:35 AM	Gathering XML indexes
9/3/2026 9:20:35 AM	Gathering Selective XML indexes
9/3/2026 9:20:35 AM	Gathering encrypted triggers
9/3/2026 9:20:35 AM	Gathering triggers
9/3/2026 9:20:35 AM	Gathering encrypted and clr ddl triggers
9/3/2026 9:20:35 AM	Gathering ddl triggers
9/3/2026 9:20:35 AM	Creating edge constraints
9/3/2026 9:20:35 AM	Gathering synonyms
9/3/2026 9:20:35 AM	Gathering defaults
9/3/2026 9:20:35 AM	Gathering data constraint uddt bindings
9/3/2026 9:20:35 AM	Gathering rules
9/3/2026 9:20:35 AM	Gathering data constraint uddt bindings
9/3/2026 9:20:35 AM	Gathering message types
9/3/2026 9:20:35 AM	Gathering queues
9/3/2026 9:20:35 AM	Gathering contracts
9/3/2026 9:20:35 AM	Gathering services
9/3/2026 9:20:35 AM	Gathering event notifications
9/3/2026 9:20:35 AM	Gathering remote service bindings
9/3/2026 9:20:35 AM	Gathering broker priorities
9/3/2026 9:20:35 AM	Gathering signatures
9/3/2026 9:20:35 AM	Gathering compression options
9/3/2026 9:20:35 AM	Gathering sequence types
9/3/2026 9:20:35 AM	Gathering security policies
9/3/2026 9:20:35 AM	Gather column encryption keys
9/3/2026 9:20:35 AM	Gathering column master keys
9/3/2026 9:20:35 AM	Gathering external data sources
9/3/2026 9:20:35 AM	Gathering external file formats
9/3/2026 9:20:35 AM	Gathering external tables
9/3/2026 9:20:35 AM	Gathering database permissions
9/3/2026 9:20:35 AM	Gathering extended properties
9/3/2026 9:20:35 AM	Gathering assemblies
9/3/2026 9:20:36 AM	Gathering credentials
9/3/2026 9:20:36 AM	Gathering logins
9/3/2026 9:20:36 AM	Gathering server audits
9/3/2026 9:20:36 AM	Scanning project for duplicate elements
9/3/2026 9:20:36 AM	Finished duplicate element processing
9/3/2026 9:20:40 AM	Finished importing database.
9/3/2026 9:20:40 AM	A summary of the import was saved to the following location: C:\Users\mbrow\Source\Workspaces\GeniusOne\Project Source\Archive\GeniusOneAi_Versions\2.07\GeniusOneDatabase\Import Schema Logs\GeniusOneDatabase_20260903012022.log
9/3/2026 9:20:40 AM	Click Finish to continue...
